C:/Users/buckl/Downloads/en.stm32cubewl-v1-3-0 (2)/STM32Cube_FW_WL_V1.3.0/Projects/NUCLEO-WL55JC/Applications/LoRaWAN/LoRaWAN_End_Node/Drivers/BSP/IKS01A3/iks01a3_motion_sensors.c:1524:16:LSM6DSO_0_Probe	80	static
C:/Users/buckl/Downloads/en.stm32cubewl-v1-3-0 (2)/STM32Cube_FW_WL_V1.3.0/Projects/NUCLEO-WL55JC/Applications/LoRaWAN/LoRaWAN_End_Node/Drivers/BSP/IKS01A3/iks01a3_motion_sensors.c:1607:16:LIS2DW12_0_Probe	80	static
C:/Users/buckl/Downloads/en.stm32cubewl-v1-3-0 (2)/STM32Cube_FW_WL_V1.3.0/Projects/NUCLEO-WL55JC/Applications/LoRaWAN/LoRaWAN_End_Node/Drivers/BSP/IKS01A3/iks01a3_motion_sensors.c:1681:16:LIS2MDL_0_Probe	80	static
C:/Users/buckl/Downloads/en.stm32cubewl-v1-3-0 (2)/STM32Cube_FW_WL_V1.3.0/Projects/NUCLEO-WL55JC/Applications/LoRaWAN/LoRaWAN_End_Node/Drivers/BSP/IKS01A3/iks01a3_motion_sensors.c:213:9:IKS01A3_MOTION_SENSOR_Init	56	static
C:/Users/buckl/Downloads/en.stm32cubewl-v1-3-0 (2)/STM32Cube_FW_WL_V1.3.0/Projects/NUCLEO-WL55JC/Applications/LoRaWAN/LoRaWAN_End_Node/Drivers/BSP/IKS01A3/iks01a3_motion_sensors.c:1078:9:IKS01A3_MOTION_SENSOR_DeInit	8	static
C:/Users/buckl/Downloads/en.stm32cubewl-v1-3-0 (2)/STM32Cube_FW_WL_V1.3.0/Projects/NUCLEO-WL55JC/Applications/LoRaWAN/LoRaWAN_End_Node/Drivers/BSP/IKS01A3/iks01a3_motion_sensors.c:1104:9:IKS01A3_MOTION_SENSOR_GetCapabilities	8	static
C:/Users/buckl/Downloads/en.stm32cubewl-v1-3-0 (2)/STM32Cube_FW_WL_V1.3.0/Projects/NUCLEO-WL55JC/Applications/LoRaWAN/LoRaWAN_End_Node/Drivers/BSP/IKS01A3/iks01a3_motion_sensors.c:1130:9:IKS01A3_MOTION_SENSOR_ReadID	8	static
C:/Users/buckl/Downloads/en.stm32cubewl-v1-3-0 (2)/STM32Cube_FW_WL_V1.3.0/Projects/NUCLEO-WL55JC/Applications/LoRaWAN/LoRaWAN_End_Node/Drivers/BSP/IKS01A3/iks01a3_motion_sensors.c:1159:9:IKS01A3_MOTION_SENSOR_Enable	8	static
C:/Users/buckl/Downloads/en.stm32cubewl-v1-3-0 (2)/STM32Cube_FW_WL_V1.3.0/Projects/NUCLEO-WL55JC/Applications/LoRaWAN/LoRaWAN_End_Node/Drivers/BSP/IKS01A3/iks01a3_motion_sensors.c:1198:9:IKS01A3_MOTION_SENSOR_Disable	8	static
C:/Users/buckl/Downloads/en.stm32cubewl-v1-3-0 (2)/STM32Cube_FW_WL_V1.3.0/Projects/NUCLEO-WL55JC/Applications/LoRaWAN/LoRaWAN_End_Node/Drivers/BSP/IKS01A3/iks01a3_motion_sensors.c:1238:9:IKS01A3_MOTION_SENSOR_GetAxes	8	static
C:/Users/buckl/Downloads/en.stm32cubewl-v1-3-0 (2)/STM32Cube_FW_WL_V1.3.0/Projects/NUCLEO-WL55JC/Applications/LoRaWAN/LoRaWAN_End_Node/Drivers/BSP/IKS01A3/iks01a3_motion_sensors.c:1278:9:IKS01A3_MOTION_SENSOR_GetAxesRaw	8	static
C:/Users/buckl/Downloads/en.stm32cubewl-v1-3-0 (2)/STM32Cube_FW_WL_V1.3.0/Projects/NUCLEO-WL55JC/Applications/LoRaWAN/LoRaWAN_End_Node/Drivers/BSP/IKS01A3/iks01a3_motion_sensors.c:1318:9:IKS01A3_MOTION_SENSOR_GetSensitivity	8	static
C:/Users/buckl/Downloads/en.stm32cubewl-v1-3-0 (2)/STM32Cube_FW_WL_V1.3.0/Projects/NUCLEO-WL55JC/Applications/LoRaWAN/LoRaWAN_End_Node/Drivers/BSP/IKS01A3/iks01a3_motion_sensors.c:1359:9:IKS01A3_MOTION_SENSOR_GetOutputDataRate	8	static
C:/Users/buckl/Downloads/en.stm32cubewl-v1-3-0 (2)/STM32Cube_FW_WL_V1.3.0/Projects/NUCLEO-WL55JC/Applications/LoRaWAN/LoRaWAN_End_Node/Drivers/BSP/IKS01A3/iks01a3_motion_sensors.c:1399:9:IKS01A3_MOTION_SENSOR_GetFullScale	8	static
C:/Users/buckl/Downloads/en.stm32cubewl-v1-3-0 (2)/STM32Cube_FW_WL_V1.3.0/Projects/NUCLEO-WL55JC/Applications/LoRaWAN/LoRaWAN_End_Node/Drivers/BSP/IKS01A3/iks01a3_motion_sensors.c:1440:9:IKS01A3_MOTION_SENSOR_SetOutputDataRate	8	static
C:/Users/buckl/Downloads/en.stm32cubewl-v1-3-0 (2)/STM32Cube_FW_WL_V1.3.0/Projects/NUCLEO-WL55JC/Applications/LoRaWAN/LoRaWAN_End_Node/Drivers/BSP/IKS01A3/iks01a3_motion_sensors.c:1480:9:IKS01A3_MOTION_SENSOR_SetFullScale	8	static
