C:/Users/buckl/Downloads/en.stm32cubewl-v1-3-0 (2)/STM32Cube_FW_WL_V1.3.0/Projects/NUCLEO-WL55JC/Applications/LoRaWAN/LoRaWAN_End_Node/Core/Src/adc.c:31:6:MX_ADC_Init	24	static
C:/Users/buckl/Downloads/en.stm32cubewl-v1-3-0 (2)/STM32Cube_FW_WL_V1.3.0/Projects/NUCLEO-WL55JC/Applications/LoRaWAN/LoRaWAN_End_Node/Core/Src/adc.c:84:6:HAL_ADC_MspInit	40	static
C:/Users/buckl/Downloads/en.stm32cubewl-v1-3-0 (2)/STM32Cube_FW_WL_V1.3.0/Projects/NUCLEO-WL55JC/Applications/LoRaWAN/LoRaWAN_End_Node/Core/Src/adc.c:137:6:HAL_ADC_MspDeInit	8	static
