C:/Users/buckl/Downloads/en.stm32cubewl-v1-3-0 (2)/STM32Cube_FW_WL_V1.3.0/Projects/NUCLEO-WL55JC/Applications/LoRaWAN/LoRaWAN_End_Node/Core/Src/comp.c:30:6:MX_COMP1_Init	8	static
C:/Users/buckl/Downloads/en.stm32cubewl-v1-3-0 (2)/STM32Cube_FW_WL_V1.3.0/Projects/NUCLEO-WL55JC/Applications/LoRaWAN/LoRaWAN_End_Node/Core/Src/comp.c:59:6:HAL_COMP_MspInit	32	static
C:/Users/buckl/Downloads/en.stm32cubewl-v1-3-0 (2)/STM32Cube_FW_WL_V1.3.0/Projects/NUCLEO-WL55JC/Applications/LoRaWAN/LoRaWAN_End_Node/Core/Src/comp.c:87:6:HAL_COMP_MspDeInit	8	static
