C:/Users/buckl/Downloads/en.stm32cubewl-v1-3-0 (2)/STM32Cube_FW_WL_V1.3.0/Projects/NUCLEO-WL55JC/Applications/LoRaWAN/LoRaWAN_End_Node/Core/Src/rtc.c:30:6:MX_RTC_Init	56	static
C:/Users/buckl/Downloads/en.stm32cubewl-v1-3-0 (2)/STM32Cube_FW_WL_V1.3.0/Projects/NUCLEO-WL55JC/Applications/LoRaWAN/LoRaWAN_End_Node/Core/Src/rtc.c:86:6:HAL_RTC_MspInit	72	static
C:/Users/buckl/Downloads/en.stm32cubewl-v1-3-0 (2)/STM32Cube_FW_WL_V1.3.0/Projects/NUCLEO-WL55JC/Applications/LoRaWAN/LoRaWAN_End_Node/Core/Src/rtc.c:121:6:HAL_RTC_MspDeInit	8	static
