C:/Users/buckl/Downloads/en.stm32cubewl-v1-3-0 (2)/STM32Cube_FW_WL_V1.3.0/Projects/NUCLEO-WL55JC/Applications/LoRaWAN/LoRaWAN_End_Node/Drivers/STM32WLxx_HAL_Driver/Src/stm32wlxx_hal_dac.c:433:13:HAL_DAC_MspInit	0	static
C:/Users/buckl/Downloads/en.stm32cubewl-v1-3-0 (2)/STM32Cube_FW_WL_V1.3.0/Projects/NUCLEO-WL55JC/Applications/LoRaWAN/LoRaWAN_End_Node/Drivers/STM32WLxx_HAL_Driver/Src/stm32wlxx_hal_dac.c:333:19:HAL_DAC_Init	8	static
C:/Users/buckl/Downloads/en.stm32cubewl-v1-3-0 (2)/STM32Cube_FW_WL_V1.3.0/Projects/NUCLEO-WL55JC/Applications/LoRaWAN/LoRaWAN_End_Node/Drivers/STM32WLxx_HAL_Driver/Src/stm32wlxx_hal_dac.c:449:13:HAL_DAC_MspDeInit	0	static
C:/Users/buckl/Downloads/en.stm32cubewl-v1-3-0 (2)/STM32Cube_FW_WL_V1.3.0/Projects/NUCLEO-WL55JC/Applications/LoRaWAN/LoRaWAN_End_Node/Drivers/STM32WLxx_HAL_Driver/Src/stm32wlxx_hal_dac.c:388:19:HAL_DAC_DeInit	8	static
C:/Users/buckl/Downloads/en.stm32cubewl-v1-3-0 (2)/STM32Cube_FW_WL_V1.3.0/Projects/NUCLEO-WL55JC/Applications/LoRaWAN/LoRaWAN_End_Node/Drivers/STM32WLxx_HAL_Driver/Src/stm32wlxx_hal_dac.c:490:19:HAL_DAC_Start	4	static
C:/Users/buckl/Downloads/en.stm32cubewl-v1-3-0 (2)/STM32Cube_FW_WL_V1.3.0/Projects/NUCLEO-WL55JC/Applications/LoRaWAN/LoRaWAN_End_Node/Drivers/STM32WLxx_HAL_Driver/Src/stm32wlxx_hal_dac.c:530:19:HAL_DAC_Stop	4	static
C:/Users/buckl/Downloads/en.stm32cubewl-v1-3-0 (2)/STM32Cube_FW_WL_V1.3.0/Projects/NUCLEO-WL55JC/Applications/LoRaWAN/LoRaWAN_End_Node/Drivers/STM32WLxx_HAL_Driver/Src/stm32wlxx_hal_dac.c:561:19:HAL_DAC_Start_DMA	16	static
C:/Users/buckl/Downloads/en.stm32cubewl-v1-3-0 (2)/STM32Cube_FW_WL_V1.3.0/Projects/NUCLEO-WL55JC/Applications/LoRaWAN/LoRaWAN_End_Node/Drivers/STM32WLxx_HAL_Driver/Src/stm32wlxx_hal_dac.c:641:19:HAL_DAC_Stop_DMA	16	static
C:/Users/buckl/Downloads/en.stm32cubewl-v1-3-0 (2)/STM32Cube_FW_WL_V1.3.0/Projects/NUCLEO-WL55JC/Applications/LoRaWAN/LoRaWAN_End_Node/Drivers/STM32WLxx_HAL_Driver/Src/stm32wlxx_hal_dac.c:722:19:HAL_DAC_SetValue	16	static
C:/Users/buckl/Downloads/en.stm32cubewl-v1-3-0 (2)/STM32Cube_FW_WL_V1.3.0/Projects/NUCLEO-WL55JC/Applications/LoRaWAN/LoRaWAN_End_Node/Drivers/STM32WLxx_HAL_Driver/Src/stm32wlxx_hal_dac.c:750:13:HAL_DAC_ConvCpltCallbackCh1	0	static
C:/Users/buckl/Downloads/en.stm32cubewl-v1-3-0 (2)/STM32Cube_FW_WL_V1.3.0/Projects/NUCLEO-WL55JC/Applications/LoRaWAN/LoRaWAN_End_Node/Drivers/STM32WLxx_HAL_Driver/Src/stm32wlxx_hal_dac.c:1238:6:DAC_DMAConvCpltCh1	8	static
C:/Users/buckl/Downloads/en.stm32cubewl-v1-3-0 (2)/STM32Cube_FW_WL_V1.3.0/Projects/NUCLEO-WL55JC/Applications/LoRaWAN/LoRaWAN_End_Node/Drivers/STM32WLxx_HAL_Driver/Src/stm32wlxx_hal_dac.c:766:13:HAL_DAC_ConvHalfCpltCallbackCh1	0	static
C:/Users/buckl/Downloads/en.stm32cubewl-v1-3-0 (2)/STM32Cube_FW_WL_V1.3.0/Projects/NUCLEO-WL55JC/Applications/LoRaWAN/LoRaWAN_End_Node/Drivers/STM32WLxx_HAL_Driver/Src/stm32wlxx_hal_dac.c:1257:6:DAC_DMAHalfConvCpltCh1	8	static
C:/Users/buckl/Downloads/en.stm32cubewl-v1-3-0 (2)/STM32Cube_FW_WL_V1.3.0/Projects/NUCLEO-WL55JC/Applications/LoRaWAN/LoRaWAN_End_Node/Drivers/STM32WLxx_HAL_Driver/Src/stm32wlxx_hal_dac.c:782:13:HAL_DAC_ErrorCallbackCh1	0	static
C:/Users/buckl/Downloads/en.stm32cubewl-v1-3-0 (2)/STM32Cube_FW_WL_V1.3.0/Projects/NUCLEO-WL55JC/Applications/LoRaWAN/LoRaWAN_End_Node/Drivers/STM32WLxx_HAL_Driver/Src/stm32wlxx_hal_dac.c:1274:6:DAC_DMAErrorCh1	8	static
C:/Users/buckl/Downloads/en.stm32cubewl-v1-3-0 (2)/STM32Cube_FW_WL_V1.3.0/Projects/NUCLEO-WL55JC/Applications/LoRaWAN/LoRaWAN_End_Node/Drivers/STM32WLxx_HAL_Driver/Src/stm32wlxx_hal_dac.c:798:13:HAL_DAC_DMAUnderrunCallbackCh1	0	static
C:/Users/buckl/Downloads/en.stm32cubewl-v1-3-0 (2)/STM32Cube_FW_WL_V1.3.0/Projects/NUCLEO-WL55JC/Applications/LoRaWAN/LoRaWAN_End_Node/Drivers/STM32WLxx_HAL_Driver/Src/stm32wlxx_hal_dac.c:675:6:HAL_DAC_IRQHandler	8	static
C:/Users/buckl/Downloads/en.stm32cubewl-v1-3-0 (2)/STM32Cube_FW_WL_V1.3.0/Projects/NUCLEO-WL55JC/Applications/LoRaWAN/LoRaWAN_End_Node/Drivers/STM32WLxx_HAL_Driver/Src/stm32wlxx_hal_dac.c:836:10:HAL_DAC_GetValue	0	static
C:/Users/buckl/Downloads/en.stm32cubewl-v1-3-0 (2)/STM32Cube_FW_WL_V1.3.0/Projects/NUCLEO-WL55JC/Applications/LoRaWAN/LoRaWAN_End_Node/Drivers/STM32WLxx_HAL_Driver/Src/stm32wlxx_hal_dac.c:859:19:HAL_DAC_ConfigChannel	24	static
C:/Users/buckl/Downloads/en.stm32cubewl-v1-3-0 (2)/STM32Cube_FW_WL_V1.3.0/Projects/NUCLEO-WL55JC/Applications/LoRaWAN/LoRaWAN_End_Node/Drivers/STM32WLxx_HAL_Driver/Src/stm32wlxx_hal_dac.c:1007:22:HAL_DAC_GetState	0	static
C:/Users/buckl/Downloads/en.stm32cubewl-v1-3-0 (2)/STM32Cube_FW_WL_V1.3.0/Projects/NUCLEO-WL55JC/Applications/LoRaWAN/LoRaWAN_End_Node/Drivers/STM32WLxx_HAL_Driver/Src/stm32wlxx_hal_dac.c:1020:10:HAL_DAC_GetError	0	static
