C:/Users/buckl/Downloads/en.stm32cubewl-v1-3-0 (2)/STM32Cube_FW_WL_V1.3.0/Projects/NUCLEO-WL55JC/Applications/LoRaWAN/LoRaWAN_End_Node/Drivers/STM32WLxx_HAL_Driver/Src/stm32wlxx_hal_comp.c:492:13:HAL_COMP_MspInit	0	static
C:/Users/buckl/Downloads/en.stm32cubewl-v1-3-0 (2)/STM32Cube_FW_WL_V1.3.0/Projects/NUCLEO-WL55JC/Applications/LoRaWAN/LoRaWAN_End_Node/Drivers/STM32WLxx_HAL_Driver/Src/stm32wlxx_hal_comp.c:230:19:HAL_COMP_Init	24	static
C:/Users/buckl/Downloads/en.stm32cubewl-v1-3-0 (2)/STM32Cube_FW_WL_V1.3.0/Projects/NUCLEO-WL55JC/Applications/LoRaWAN/LoRaWAN_End_Node/Drivers/STM32WLxx_HAL_Driver/Src/stm32wlxx_hal_comp.c:507:13:HAL_COMP_MspDeInit	0	static
C:/Users/buckl/Downloads/en.stm32cubewl-v1-3-0 (2)/STM32Cube_FW_WL_V1.3.0/Projects/NUCLEO-WL55JC/Applications/LoRaWAN/LoRaWAN_End_Node/Drivers/STM32WLxx_HAL_Driver/Src/stm32wlxx_hal_comp.c:443:19:HAL_COMP_DeInit	16	static
C:/Users/buckl/Downloads/en.stm32cubewl-v1-3-0 (2)/STM32Cube_FW_WL_V1.3.0/Projects/NUCLEO-WL55JC/Applications/LoRaWAN/LoRaWAN_End_Node/Drivers/STM32WLxx_HAL_Driver/Src/stm32wlxx_hal_comp.c:701:19:HAL_COMP_Start	8	static
C:/Users/buckl/Downloads/en.stm32cubewl-v1-3-0 (2)/STM32Cube_FW_WL_V1.3.0/Projects/NUCLEO-WL55JC/Applications/LoRaWAN/LoRaWAN_End_Node/Drivers/STM32WLxx_HAL_Driver/Src/stm32wlxx_hal_comp.c:753:19:HAL_COMP_Stop	0	static
C:/Users/buckl/Downloads/en.stm32cubewl-v1-3-0 (2)/STM32Cube_FW_WL_V1.3.0/Projects/NUCLEO-WL55JC/Applications/LoRaWAN/LoRaWAN_End_Node/Drivers/STM32WLxx_HAL_Driver/Src/stm32wlxx_hal_comp.c:856:19:HAL_COMP_Lock	0	static
C:/Users/buckl/Downloads/en.stm32cubewl-v1-3-0 (2)/STM32Cube_FW_WL_V1.3.0/Projects/NUCLEO-WL55JC/Applications/LoRaWAN/LoRaWAN_End_Node/Drivers/STM32WLxx_HAL_Driver/Src/stm32wlxx_hal_comp.c:917:10:HAL_COMP_GetOutputLevel	0	static
C:/Users/buckl/Downloads/en.stm32cubewl-v1-3-0 (2)/STM32Cube_FW_WL_V1.3.0/Projects/NUCLEO-WL55JC/Applications/LoRaWAN/LoRaWAN_End_Node/Drivers/STM32WLxx_HAL_Driver/Src/stm32wlxx_hal_comp.c:931:13:HAL_COMP_TriggerCallback	0	static
C:/Users/buckl/Downloads/en.stm32cubewl-v1-3-0 (2)/STM32Cube_FW_WL_V1.3.0/Projects/NUCLEO-WL55JC/Applications/LoRaWAN/LoRaWAN_End_Node/Drivers/STM32WLxx_HAL_Driver/Src/stm32wlxx_hal_comp.c:795:6:HAL_COMP_IRQHandler	8	static
C:/Users/buckl/Downloads/en.stm32cubewl-v1-3-0 (2)/STM32Cube_FW_WL_V1.3.0/Projects/NUCLEO-WL55JC/Applications/LoRaWAN/LoRaWAN_End_Node/Drivers/STM32WLxx_HAL_Driver/Src/stm32wlxx_hal_comp.c:965:23:HAL_COMP_GetState	0	static
C:/Users/buckl/Downloads/en.stm32cubewl-v1-3-0 (2)/STM32Cube_FW_WL_V1.3.0/Projects/NUCLEO-WL55JC/Applications/LoRaWAN/LoRaWAN_End_Node/Drivers/STM32WLxx_HAL_Driver/Src/stm32wlxx_hal_comp.c:985:10:HAL_COMP_GetError	0	static
