C:/Users/buckl/Downloads/en.stm32cubewl-v1-3-0 (2)/STM32Cube_FW_WL_V1.3.0/Projects/NUCLEO-WL55JC/Applications/LoRaWAN/LoRaWAN_End_Node/Drivers/STM32WLxx_HAL_Driver/Src/stm32wlxx_hal_dac_ex.c:122:19:HAL_DACEx_TriangleWaveGenerate	8	static
C:/Users/buckl/Downloads/en.stm32cubewl-v1-3-0 (2)/STM32Cube_FW_WL_V1.3.0/Projects/NUCLEO-WL55JC/Applications/LoRaWAN/LoRaWAN_End_Node/Drivers/STM32WLxx_HAL_Driver/Src/stm32wlxx_hal_dac_ex.c:171:19:HAL_DACEx_NoiseWaveGenerate	8	static
C:/Users/buckl/Downloads/en.stm32cubewl-v1-3-0 (2)/STM32Cube_FW_WL_V1.3.0/Projects/NUCLEO-WL55JC/Applications/LoRaWAN/LoRaWAN_End_Node/Drivers/STM32WLxx_HAL_Driver/Src/stm32wlxx_hal_dac_ex.c:210:19:HAL_DACEx_SelfCalibrate	32	static
C:/Users/buckl/Downloads/en.stm32cubewl-v1-3-0 (2)/STM32Cube_FW_WL_V1.3.0/Projects/NUCLEO-WL55JC/Applications/LoRaWAN/LoRaWAN_End_Node/Drivers/STM32WLxx_HAL_Driver/Src/stm32wlxx_hal_dac_ex.c:346:19:HAL_DACEx_SetUserTrimming	12	static
C:/Users/buckl/Downloads/en.stm32cubewl-v1-3-0 (2)/STM32Cube_FW_WL_V1.3.0/Projects/NUCLEO-WL55JC/Applications/LoRaWAN/LoRaWAN_End_Node/Drivers/STM32WLxx_HAL_Driver/Src/stm32wlxx_hal_dac_ex.c:387:10:HAL_DACEx_GetTrimOffset	0	static
