C:/Users/buckl/Downloads/en.stm32cubewl-v1-3-0 (2)/STM32Cube_FW_WL_V1.3.0/Middlewares/Third_Party/LoRaWAN/Mac/Region/RegionEU433.c:61:13:VerifyRfFreq	8	static
C:/Users/buckl/Downloads/en.stm32cubewl-v1-3-0 (2)/STM32Cube_FW_WL_V1.3.0/Middlewares/Third_Party/LoRaWAN/Mac/Region/RegionEU433.c:76:20:GetTimeOnAir	32	static
C:/Users/buckl/Downloads/en.stm32cubewl-v1-3-0 (2)/STM32Cube_FW_WL_V1.3.0/Middlewares/Third_Party/LoRaWAN/Mac/Region/RegionEU433.c:94:12:RegionEU433GetPhyParam	32	static
C:/Users/buckl/Downloads/en.stm32cubewl-v1-3-0 (2)/STM32Cube_FW_WL_V1.3.0/Middlewares/Third_Party/LoRaWAN/Mac/Region/RegionEU433.c:310:6:RegionEU433SetBandTxDone	16	static
C:/Users/buckl/Downloads/en.stm32cubewl-v1-3-0 (2)/STM32Cube_FW_WL_V1.3.0/Middlewares/Third_Party/LoRaWAN/Mac/Region/RegionEU433.c:323:6:RegionEU433InitDefaults	32	static
C:/Users/buckl/Downloads/en.stm32cubewl-v1-3-0 (2)/STM32Cube_FW_WL_V1.3.0/Middlewares/Third_Party/LoRaWAN/Mac/Region/RegionEU433.c:390:6:RegionEU433Verify	8	static
C:/Users/buckl/Downloads/en.stm32cubewl-v1-3-0 (2)/STM32Cube_FW_WL_V1.3.0/Middlewares/Third_Party/LoRaWAN/Mac/Region/RegionEU433.c:490:6:RegionEU433ChanMaskSet	8	static
C:/Users/buckl/Downloads/en.stm32cubewl-v1-3-0 (2)/STM32Cube_FW_WL_V1.3.0/Middlewares/Third_Party/LoRaWAN/Mac/Region/RegionEU433.c:514:6:RegionEU433ComputeRxWindowParameters	32	static
C:/Users/buckl/Downloads/en.stm32cubewl-v1-3-0 (2)/STM32Cube_FW_WL_V1.3.0/Middlewares/Third_Party/LoRaWAN/Mac/Region/RegionEU433.c:536:6:RegionEU433RxConfig	72	static
C:/Users/buckl/Downloads/en.stm32cubewl-v1-3-0 (2)/STM32Cube_FW_WL_V1.3.0/Middlewares/Third_Party/LoRaWAN/Mac/Region/RegionEU433.c:597:6:RegionEU433TxConfig	88	static
C:/Users/buckl/Downloads/en.stm32cubewl-v1-3-0 (2)/STM32Cube_FW_WL_V1.3.0/Middlewares/Third_Party/LoRaWAN/Mac/Region/RegionEU433.c:641:9:RegionEU433LinkAdrReq	88	static
C:/Users/buckl/Downloads/en.stm32cubewl-v1-3-0 (2)/STM32Cube_FW_WL_V1.3.0/Middlewares/Third_Party/LoRaWAN/Mac/Region/RegionEU433.c:748:9:RegionEU433RxParamSetupReq	16	static
C:/Users/buckl/Downloads/en.stm32cubewl-v1-3-0 (2)/STM32Cube_FW_WL_V1.3.0/Middlewares/Third_Party/LoRaWAN/Mac/Region/RegionEU433.c:828:8:RegionEU433TxParamSetupReq	0	static
C:/Users/buckl/Downloads/en.stm32cubewl-v1-3-0 (2)/STM32Cube_FW_WL_V1.3.0/Middlewares/Third_Party/LoRaWAN/Mac/Region/RegionEU433.c:834:8:RegionEU433DlChannelReq	8	static
C:/Users/buckl/Downloads/en.stm32cubewl-v1-3-0 (2)/STM32Cube_FW_WL_V1.3.0/Middlewares/Third_Party/LoRaWAN/Mac/Region/RegionEU433.c:866:8:RegionEU433AlternateDr	0	static
C:/Users/buckl/Downloads/en.stm32cubewl-v1-3-0 (2)/STM32Cube_FW_WL_V1.3.0/Middlewares/Third_Party/LoRaWAN/Mac/Region/RegionEU433.c:875:17:RegionEU433NextChannel	112	static
C:/Users/buckl/Downloads/en.stm32cubewl-v1-3-0 (2)/STM32Cube_FW_WL_V1.3.0/Middlewares/Third_Party/LoRaWAN/Mac/Region/RegionEU433.c:934:17:RegionEU433ChannelAdd	24	static
C:/Users/buckl/Downloads/en.stm32cubewl-v1-3-0 (2)/STM32Cube_FW_WL_V1.3.0/Middlewares/Third_Party/LoRaWAN/Mac/Region/RegionEU433.c:997:6:RegionEU433ChannelsRemove	8	static
C:/Users/buckl/Downloads/en.stm32cubewl-v1-3-0 (2)/STM32Cube_FW_WL_V1.3.0/Middlewares/Third_Party/LoRaWAN/Mac/Region/RegionEU433.c:429:6:RegionEU433ApplyCFList	40	static
C:/Users/buckl/Downloads/en.stm32cubewl-v1-3-0 (2)/STM32Cube_FW_WL_V1.3.0/Middlewares/Third_Party/LoRaWAN/Mac/Region/RegionEU433.c:775:8:RegionEU433NewChannelReq	24	static
C:/Users/buckl/Downloads/en.stm32cubewl-v1-3-0 (2)/STM32Cube_FW_WL_V1.3.0/Middlewares/Third_Party/LoRaWAN/Mac/Region/RegionEU433.c:1032:9:RegionEU433ApplyDrOffset	0	static
C:/Users/buckl/Downloads/en.stm32cubewl-v1-3-0 (2)/STM32Cube_FW_WL_V1.3.0/Middlewares/Third_Party/LoRaWAN/Mac/Region/RegionEU433.c:1047:6:RegionEU433RxBeaconSetup	40	static
